<?xml version = "1.0" encoding = "UTF-8"?>
<STEP-3D-MAPPING revision="A" xmlns:xsi="http://www.w3.org/2001/XMLSchema-instance" xmlns:xsd="http://www.w3.org/2001/XMLSchema">
  <Header lengthUnit="MM"/>
  <Body>
    <MapItem package="SAMTEC_MTLW-104-07-L-S-250">
      <StepModel type="PRIMARY" file="MTLW-104-07-L-S-250.stp">
        <Offset x="0.000000" y="0.000000" z="0.000000"/>
        <Rotation x="90.000" y="0.000" z="0.000"/>
        </StepModel>
      </MapItem>
    <MapItem package="SAMTEC_HDMI-19-01-X-SM">
      <StepModel type="PRIMARY" file="471510002.stp">
        <Offset x="0.000000" y="-11.200000" z="3.450000"/>
        <Rotation x="90.000" y="0.000" z="0.000"/>
        <MapColor colorIndex="206" r="1.000000" g="0.698039" b="1.000000"/>
        </StepModel>
      </MapItem>
    <MapItem package="SC70_6L">
      <StepModel type="PRIMARY" file="User Library-SC70-6.step">
        <Offset x="0.650000" y="0.900000" z="0.500000"/>
        <Rotation x="90.000" y="0.000" z="0.000"/>
        </StepModel>
      </MapItem>
    <MapItem package="SOT95P280X145-6N">
      <StepModel type="PRIMARY" file="User Library-sot363.step">
        <Offset x="0.000000" y="0.000000" z="0.000000"/>
        <Rotation x="0.000" y="0.000" z="-90.000"/>
        </StepModel>
      </MapItem>
    <MapItem package="SOP65P210X110-6N">
      <StepModel type="PRIMARY" file="User Library-SC70-6.step">
        <Offset x="0.000000" y="0.000000" z="0.475000"/>
        <Rotation x="90.000" y="0.000" z="-90.000"/>
        </StepModel>
      </MapItem>
    <MapItem package="SOP50P310X90-8N">
      <StepModel type="PRIMARY" file="User Library-SOP50P310X90_8N.step">
        <Offset x="0.000000" y="0.000000" z="0.000000"/>
        <Rotation x="90.000" y="0.000" z="-90.000"/>
        </StepModel>
      </MapItem>
    <MapItem package="TSSOP14MA_065">
      <StepModel type="PRIMARY" file="User Library-TSSOP14.step">
        <Offset x="1.950000" y="3.200000" z="0.000000"/>
        <Rotation x="0.000" y="0.000" z="90.000"/>
        </StepModel>
      </MapItem>
    <MapItem package="TSSOP16MA_065">
      <StepModel type="PRIMARY" file="User Library-TSSOP16.step">
        <Offset x="2.275000" y="2.775000" z="0.000000"/>
        <Rotation x="0.000" y="0.000" z="90.000"/>
        </StepModel>
      </MapItem>
    <MapItem package="QFN50P300X300X100-17N-S185">
      <StepModel type="PRIMARY" file="User Library-QFN-16.step">
        <Offset x="0.000000" y="0.000000" z="0.000000"/>
        <Rotation x="0.000" y="0.000" z="90.000"/>
        </StepModel>
      </MapItem>
    <MapItem package="QFN50P300X300X90-17N-S160">
      <StepModel type="PRIMARY" file="User Library-QFN-16.step">
        <Offset x="0.000000" y="0.000000" z="0.000000"/>
        <Rotation x="0.000" y="0.000" z="90.000"/>
        </StepModel>
      </MapItem>
    <MapItem package="HIROSE_U-FL-R-SMT-1_10">
      <StepModel type="PRIMARY" file="U.FL-R-SMT-1.stp">
        <Offset x="-55.240000" y="-1.080000" z="22.496000"/>
        <Rotation x="-90.000" y="0.000" z="0.000"/>
        </StepModel>
      </MapItem>
    <MapItem package="SOIC8S_127">
      <StepModel type="PRIMARY" file="User Library-SOIC8_4_9x3_9_1_53_p1_27.step">
        <Offset x="1.905000" y="2.450000" z="0.000000"/>
        <Rotation x="90.000" y="0.000" z="0.000"/>
        </StepModel>
      </MapItem>
    <MapItem package="OSCSC105P250X320X180-6N">
      <StepModel type="PRIMARY" file="User Library-DFN-6 3_2x2_5.STEP">
        <Offset x="2.500000" y="1.100000" z="-1.224000"/>
        <Rotation x="90.000" y="0.000" z="-90.000"/>
        </StepModel>
      </MapItem>
    <MapItem package="QFN50P700X700X90-45N-S530">
      <StepModel type="PRIMARY" file="User Library-smd_qfn-44.step">
        <Offset x="0.000000" y="0.000000" z="0.000000"/>
        <Rotation x="90.000" y="0.000" z="0.000"/>
        </StepModel>
      </MapItem>
    <MapItem package="LEDC1708X65N">
      <StepModel type="PRIMARY" file="User Library-LED_0603_WS.STEP">
        <Offset x="0.000000" y="0.000000" z="0.000000"/>
        <Rotation x="0.000" y="0.000" z="0.000"/>
        </StepModel>
      </MapItem>
    <MapItem package="SAMTEC_MTLW-103-07-L-S-250">
      <StepModel type="PRIMARY" file="MTLW-103-07-L-S-250.stp">
        <Offset x="0.000000" y="0.000000" z="0.000000"/>
        <Rotation x="90.000" y="0.000" z="0.000"/>
        </StepModel>
      </MapItem>
    <MapItem package="SAMTEC_SEAM-40-035-S-10-2-A">
      <StepModel type="PRIMARY" file="459704305.stp">
        <Offset x="-44.451000" y="-1.270000" z="2.235000"/>
        <Rotation x="90.000" y="0.000" z="-90.000"/>
        <MapColor colorIndex="206" r="1.000000" g="0.698039" b="1.000000"/>
        </StepModel>
      </MapItem>
    <MapItem package="C0603">
      <StepModel type="PRIMARY" file="User Library-RESC1608X05N.STEP">
        <Offset x="0.000000" y="0.000000" z="0.000000"/>
        <Rotation x="0.000" y="0.000" z="0.000"/>
        </StepModel>
      </MapItem>
    <MapItem package="C0402">
      <StepModel type="PRIMARY" file="User Library-RES_1005-0402.step">
        <Offset x="0.000000" y="0.000000" z="0.000000"/>
        <Rotation x="90.000" y="0.000" z="0.000"/>
        </StepModel>
      </MapItem>
    <MapItem package="MOLEX_74737004">
      <StepModel type="PRIMARY" file="747370004.stp">
        <Offset x="-18.160000" y="0.000000" z="4.800000"/>
        <Rotation x="90.000" y="0.000" z="-90.000"/>
        <MapColor colorIndex="206" r="1.000000" g="0.698039" b="1.000000"/>
        </StepModel>
      </MapItem>
    <MapItem package="TP_HOLE_08">
      <StepModel type="PRIMARY" file="TEST POINT_short.stp">
        <Offset x="0.000000" y="0.000000" z="0.000000"/>
        <Rotation x="90.000" y="0.000" z="0.000"/>
        </StepModel>
      </MapItem>
    <MapItem package="SOT95P280X110-5N">
      <StepModel type="PRIMARY" file="User Library-MO-193E.step">
        <Offset x="0.000000" y="0.000000" z="0.000000"/>
        <Rotation x="90.000" y="0.000" z="-90.000"/>
        </StepModel>
      </MapItem>
    <MapItem package="INDC3225X220N">
      <StepModel type="PRIMARY" file="User Library-LQH32CN.step">
        <Offset x="0.000000" y="0.000000" z="0.000000"/>
        <Rotation x="90.000" y="0.000" z="0.000"/>
        </StepModel>
      </MapItem>
    <MapItem package="TYCO_1888247-1">
      <StepModel type="PRIMARY" file="c-1888247-1-e-3d.stp">
        <Offset x="-4.000000" y="0.000000" z="2.650000"/>
        <Rotation x="90.000" y="0.000" z="-90.000"/>
        <MapColor colorIndex="206" r="1.000000" g="0.698039" b="1.000000"/>
        </StepModel>
      </MapItem>
    <MapItem package="QFN50P500X500X100-33N-S325">
      <StepModel type="PRIMARY" file="User Library-QFN32-1.step">
        <Offset x="0.000000" y="0.000000" z="0.000000"/>
        <Rotation x="90.000" y="0.000" z="0.000"/>
        </StepModel>
      </MapItem>
    <MapItem package="SOIC127P600X175-8N">
      <StepModel type="PRIMARY" file="User Library-SOIC-8-1.step">
        <Offset x="0.000000" y="0.000000" z="0.000000"/>
        <Rotation x="0.000" y="0.000" z="-90.000"/>
        </StepModel>
      </MapItem>
    <MapItem package="SOP65P490X110-8N">
      <StepModel type="PRIMARY" file="User Library-SOP50P310X90_8N.step">
        <Offset x="0.000000" y="0.000000" z="0.000000"/>
        <Rotation x="90.000" y="0.000" z="-90.000"/>
        </StepModel>
      </MapItem>
    <MapItem package="C0805">
      <StepModel type="PRIMARY" file="CircuitWorks-CAPACITOR 0805.step">
        <Offset x="0.000000" y="0.000000" z="0.000000"/>
        <Rotation x="90.000" y="0.000" z="0.000"/>
        </StepModel>
      </MapItem>
    <MapItem package="LOCATING">
      <StepModel type="PRIMARY" file="M3_spacer_5mm.stp">
        <Offset x="0.000000" y="0.000000" z="0.000000"/>
        <Rotation x="0.000" y="0.000" z="0.000"/>
        </StepModel>
      </MapItem>
    </Body>
  </STEP-3D-MAPPING>
