(---------------------------------------------------------------------)
(                                                                     )
(    Unplaced Symbol Availability Check                               )
(                                                                     )
(    Drawing          : pc053c_toplevel_02.brd                        )
(    Software Version : 17.2S059                                      )
(    Date/Time        : Thu Oct 10 13:19:13 2019                      )
(                                                                     )
(---------------------------------------------------------------------)


Current PSMPATH consists of:
	.
	symbols
	..
	../symbols
	c:/cadence/spb_17.2/share/local/pcb/symbols
	c:/cadence/spb_17.2/share/pcb/pcb_lib/symbols
	c:/cadence/spb_17.2/share/pcb/allegrolib/symbols
	P:\cad\bris_cdslib\lib_psd14.x/symbols
	P:\cad\cern_cdslib\lib_psd17.x\pe_allegro_lib\symbols/bga
	P:\cad\cern_cdslib\lib_psd17.x\pe_allegro_lib\symbols/cap
	P:\cad\cern_cdslib\lib_psd17.x\pe_allegro_lib\symbols/chip
	P:\cad\cern_cdslib\lib_psd17.x\pe_allegro_lib\symbols/connector
	P:\cad\cern_cdslib\lib_psd17.x\pe_allegro_lib\symbols/dip
	P:\cad\cern_cdslib\lib_psd17.x\pe_allegro_lib\symbols/discrete
	P:\cad\cern_cdslib\lib_psd17.x\pe_allegro_lib\symbols/icsmd
	P:\cad\cern_cdslib\lib_psd17.x\pe_allegro_lib\symbols/ipc
	P:\cad\cern_cdslib\lib_psd17.x\pe_allegro_lib\symbols/lcc
	P:\cad\cern_cdslib\lib_psd17.x\pe_allegro_lib\symbols/led
	P:\cad\cern_cdslib\lib_psd17.x\pe_allegro_lib\symbols/mec
	P:\cad\cern_cdslib\lib_psd17.x\pe_allegro_lib\symbols/passif
	P:\cad\cern_cdslib\lib_psd17.x\pe_allegro_lib\symbols/pga
	P:\cad\cern_cdslib\lib_psd17.x\pe_allegro_lib\symbols/pwr
	P:\cad\cern_cdslib\lib_psd17.x\pe_allegro_lib\symbols/qfp
	P:\cad\cern_cdslib\lib_psd17.x\pe_allegro_lib\symbols/rel
	P:\cad\cern_cdslib\lib_psd17.x\pe_allegro_lib\symbols/res
	P:\cad\cern_cdslib\lib_psd17.x\pe_allegro_lib\symbols/sip
	P:\cad\cern_cdslib\lib_psd17.x\pe_allegro_lib\symbols/so
	P:\cad\cern_cdslib\lib_psd17.x\pe_allegro_lib\symbols/soic
	P:\cad\cern_cdslib\lib_psd17.x\pe_allegro_lib\symbols/soj
	P:\cad\cern_cdslib\lib_psd17.x\pe_allegro_lib\symbols/sp
	P:\cad\cern_cdslib\lib_psd17.x\pe_allegro_lib\symbols/sw
	P:/PBaesso/rafael/symbols


All Symbols Found

Total symbols placed:      189 out of 191


Symbol Found:  IC18	- P:/cad/cern_cdslib/lib_psd17.x/pe_allegro_lib/symbols/so/sc70_6l.psm
Symbol Found:  IC19	- P:/cad/cern_cdslib/lib_psd17.x/pe_allegro_lib/symbols/qfp/qfn50p300x300x100-17n-s185.psm
